---
source: crates/tui/src/component/search_component.rs
expression: terminal.backend()
---
"╭ Search ──────────────────────────────────────────────────╮"
"│                                                          │"
"╰──────────────────────────────────────────────────────────╯"
