---
source: crates/tui/src/component/topics_and_records_component.rs
expression: terminal.backend()
---
"┏ Topics [1] ━━┓ ╭ Records ────────────────────────────────────────────────────────────────────────────────────────────╮"
"┃ [x] topic1   ┃ │Timestamp                             Topic   Offset         Key  Value                              │"
"┃              ┃ │                                                                                                     │"
"┃              ┃ │1970-01-01T01:00:00.000+01:00  movi..ers[0]      314  7f12bd3b..                                     │"
"┗━━━━━━━━━━━━━━┛ ╰─────────────────────────────────────────────────────────────────────────────────────────────────────╯"
